mvn : WARNING: A terminally deprecated method in sun.misc.Unsafe has been called
At line:1 char:67
+ ... mer1\demo"; mvn test '-Dcucumber.filter.tags=@CreateAccount' 2>&1 | O ...
+                 ~~~~~~~~~~~~~~~~~~~~~~~~~~~~~~~~~~~~~~~~~~~~~~~~~~~~~
    + CategoryInfo          : NotSpecified: (WARNING: A term...has been called:S 
   tring) [], RemoteException
    + FullyQualifiedErrorId : NativeCommandError
 
WARNING: sun.misc.Unsafe::staticFieldBase has been called by 
com.google.inject.internal.aop.HiddenClassDefiner 
(file:/C:/Program%20Files/apache-maven-3.9.11/lib/guice-5.1.0-classes.jar)
WARNING: Please consider reporting this to the maintainers of class 
com.google.inject.internal.aop.HiddenClassDefiner
WARNING: sun.misc.Unsafe::staticFieldBase will be removed in a future release
[INFO] Scanning for projects...
[INFO] 
[INFO] ---------< selenium.practice.com.example:seleniumpracticedemo >---------
[INFO] Building seleniumpracticedemo 1.0-SNAPSHOT
[INFO]   from pom.xml
[INFO] --------------------------------[ jar ]---------------------------------
[INFO] 
[INFO] --- resources:3.3.1:resources (default-resources) @ seleniumpracticedemo ---
[INFO] skip non existing resourceDirectory C:\Users\DELL\Documents\Automation framework\Customer1\demo\src\main\resources
[INFO] 
[INFO] --- compiler:3.13.0:compile (default-compile) @ seleniumpracticedemo ---
[INFO] Nothing to compile - all classes are up to date.
[INFO] 
[INFO] --- resources:3.3.1:testResources (default-testResources) @ seleniumpracticedemo ---
[INFO] Copying 5 resources from src\test\resources to target\test-classes
[INFO] 
[INFO] --- compiler:3.13.0:testCompile (default-testCompile) @ seleniumpracticedemo ---
[INFO] Nothing to compile - all classes are up to date.
[INFO] 
[INFO] --- surefire:3.2.5:test (default-test) @ seleniumpracticedemo ---
[INFO] Using auto detected provider org.apache.maven.surefire.junitplatform.JUnitPlatformProvider
[INFO] 
[INFO] -------------------------------------------------------
[INFO]  T E S T S
[INFO] -------------------------------------------------------
[INFO] Running com.example.runner.TestRunner

@AccountManagement @CreateAccount
Scenario: Create a new account and search for it                # features/AccountManagement.feature:8

==============================================
STARTING TEST EXECUTION
==============================================

Generating Excel test case document...
ERROR StatusLogger Log4j2 could not find a logging implementation. Please add 
log4j-core to the classpath. Using SimpleLogger to log to the console...
Excel test case file created successfully: Account_Test_Cases_20260114_160308.xlsx
Excel file generated successfully: Account_Test_Cases_20260114_160308.xlsx

Initializing browser...
[main] INFO io.github.bonigarcia.wdm.WebDriverManager - Using chromedriver 
143.0.7499.192 (resolved driver for Chrome 143)
[main] INFO io.github.bonigarcia.wdm.WebDriverManager - Exporting 
webdriver.chrome.driver as 
C:\Users\DELL\.cache\selenium\chromedriver\win64\143.0.7499.192\chromedriver.exe
Jan 14, 2026 4:03:11 PM org.openqa.selenium.devtools.CdpVersionFinder 
findNearestMatch
WARNING: Unable to find CDP implementation matching 143
Jan 14, 2026 4:03:11 PM org.openqa.selenium.chromium.ChromiumDriver lambda$new$5
WARNING: Unable to find version of CDP to use for 143.0.7499.193. You may need 
to include a dependency on a specific version of the CDP using something similar 
to `org.seleniumhq.selenium:selenium-devtools-v86:4.25.0` where the version 
("v86") matches the version of the chromium-based browser you're using and the 
version number of the artifact is the same as Selenium's.
Browser initialized successfully

==============================================
Starting Scenario 1/1: Create a new account and search for it
==============================================
  Given I open the LMS application                              # com.example.stepdefinitions.CustomerStepDefinitions.iOpenTheLMSApplication()
  When I login with username "ayushi" and password "Legal@1234" # com.example.stepdefinitions.CustomerStepDefinitions.iLoginWithUsernameAndPassword(java.lang.String,java.lang.String)
  And I enter OTP "123456"                                      # com.example.stepdefinitions.CustomerStepDefinitions.iEnterOTP(java.lang.String)
  Then I should be logged in successfully                       # com.example.stepdefinitions.CustomerStepDefinitions.iShouldBeLoggedInSuccessfully()
? Clicked on Borrowers menu
  Given I navigate to Borrowers menu for accounts               # com.example.stepdefinitions.AccountStepDefinitions.iNavigateToBorrowersMenuForAccounts()
? Clicked on Accounts submenu
  And I click on Accounts submenu                               # com.example.stepdefinitions.AccountStepDefinitions.iClickOnAccountsSubmenu()
Current window before click: DE1AD332F34E83CDD4218AFCF95501F9
? Clicked on Add New Account button
Total windows/tabs: 2
? Switched to new tab
New tab URL: https://qalmsbu.cubictree.com/CustomerAccounts/CreateCustomerAccountBasic
Page fully loaded. Ready to fill form.
  And I click on Add New Account button                         # com.example.stepdefinitions.AccountStepDefinitions.iClickOnAddNewAccountButton()
Starting to fill Account form with random data...
Current URL: https://qalmsbu.cubictree.com/CustomerAccounts/CreateCustomerAccountBasic
? Account creation form is loaded and visible
  ? Account Number: 4P9MTS68XJBH
  Clicked Account Type dropdown to load options...
  Account Type dropdown now has 9 options
  ? Account Type: CURRENT ACCOUNT
  Opening Customer Number dropdown using Select2 API...
  Dropdown status: Open: true, Results count: 11
  Total items found in dropdown: 11
  Item[0]: text='AMARDEEP PETROLEUM', class='select2-results__option select2-results__option--highlighted', role='treeitem', visible=true
    -> Skipping first item (search bar)
  Item[1]: text='20203030', class='select2-results__option', role='treeitem', visible=true
    -> Valid customer option added
  Item[2]: text='202040', class='select2-results__option', role='treeitem', visible=true
    -> Valid customer option added
  Item[3]: text='TT01', class='select2-results__option', role='treeitem', visible=true
    -> Valid customer option added
  Item[4]: text='AS_1657', class='select2-results__option', role='treeitem', visible=true
    -> Valid customer option added
  Item[5]: text='DEVANSHU1', class='select2-results__option', role='treeitem', visible=true
    -> Valid customer option added
  Item[6]: text='20205050', class='select2-results__option', role='treeitem', visible=true
    -> Valid customer option added
  Item[7]: text='21125', class='select2-results__option', role='treeitem', visible=true
    -> Valid customer option added
  Item[8]: text='23125', class='select2-results__option', role='treeitem', visible=true
    -> Valid customer option added
  Item[9]: text='RY01', class='select2-results__option', role='treeitem', visible=true
    -> Valid customer option added
  Item[10]: text='Loading more resultsà', class='select2-results__option select2-results__option--load-more', role='treeitem', visible=true
    -> Skipping message/placeholder item
  Found 9 valid customer options (excluding search bar)
  Available customers:
    [0] 20203030
    [1] 202040
    [2] TT01
    [3] AS_1657
    [4] DEVANSHU1
    [5] 20205050
    [6] 21125
    [7] 23125
    [8] RY01
  Selecting customer [7]: 23125
  After click, span text: 'Select'
  First click failed, trying mousedown/mouseup...
  After mousedown/mouseup, span text: '23125'
  ? Customer Number: 23125
  ? Principal Amount: 711280
  ? Rate of Interest: 17.23
  ? Outstanding Balance: 809349
  ? Loan Disbursal Date: 01/18/2022
  Clicked Account Status dropdown to load options...
  Account Status dropdown now has 11 options
  ? Account Status: Buy Back
  Clicked Zone dropdown to load options...
  Zone dropdown now has 6 options
  ? Zone: NORTH
  Clicked State dropdown to load options...
  State dropdown now has 5 options
  ? State: CHHATTISGARH
  Clicked Location dropdown to load options...
  Location dropdown now has 3 options
  ? Location: DHAMTARI
  Clicked Business Unit dropdown to load options...
  Business Unit dropdown now has 2 options
  ? Business Unit: CTQA
? Account form filled with random data
Generated Account Number: 4P9MTS68XJBH
  When I fill the account form with random data                 # com.example.stepdefinitions.AccountStepDefinitions.iFillTheAccountFormWithRandomData(io.cucumber.datatable.DataTable)
    | Account Number      | random_alphanumeric |
    | Account Type        | random_dropdown     |
    | Customer Number     | random_dropdown     |
    | Principal Amount    | random_numeric      |
    | Rate of Interest    | random_decimal      |
    | Outstanding Balance | random_numeric      |
    | Loan Disbursal Date | random_date         |
    | Account Status      | random_dropdown     |
    | Zone                | random_dropdown     |
    | State               | random_dropdown     |
    | Location            | random_dropdown     |
    | Business Unit       | random_dropdown     |

Proceeding to next sections...
? Clicked Next on Section 1
! Could not click Next on Section 2: Expected condition failed: waiting for visibility of [[ChromeDriver: chrome on windows (3e1a1d3c20b78d279140bd1af0951e7f)] -> xpath: //*[@id='BankConsortiumCollapse']] (tried for 30 second(s) with 500 milliseconds interval)
Build info: version: '4.25.0', revision: '8a8aea2337'
System info: os.name: 'Windows 11', os.arch: 'amd64', os.version: '10.0', java.version: '25'
Driver info: org.openqa.selenium.chrome.ChromeDriver
Capabilities {acceptInsecureCerts: false, browserName: chrome, browserVersion: 143.0.7499.193, chrome: {chromedriverVersion: 143.0.7499.192 (be2c1f4fd45..., userDataDir: C:\Users\DELL\AppData\Local...}, fedcm:accounts: true, goog:chromeOptions: {debuggerAddress: localhost:60904}, goog:processID: 4524, networkConnectionEnabled: false, pageLoadStrategy: normal, platformName: windows, proxy: Proxy(), se:cdp: ws://localhost:60904/devtoo..., se:cdpVersion: 143.0.7499.193, setWindowRect: true, strictFileInteractability: false, timeouts: {implicit: 0, pageLoad: 300000, script: 30000}, unhandledPromptBehavior: dismiss and notify, webauthn:extension:credBlob: true, webauthn:extension:largeBlob: true, webauthn:extension:minPinLength: true, webauthn:extension:prf: true, webauthn:virtualAuthenticators: true}
Session ID: 3e1a1d3c20b78d279140bd1af0951e7f
! Could not click Next on Section 3: Expected condition failed: waiting for visibility of [[ChromeDriver: chrome on windows (3e1a1d3c20b78d279140bd1af0951e7f)] -> xpath: //*[@id='AddressInformationCollapse']] (tried for 30 second(s) with 500 milliseconds interval)
Build info: version: '4.25.0', revision: '8a8aea2337'
System info: os.name: 'Windows 11', os.arch: 'amd64', os.version: '10.0', java.version: '25'
Driver info: org.openqa.selenium.chrome.ChromeDriver
Capabilities {acceptInsecureCerts: false, browserName: chrome, browserVersion: 143.0.7499.193, chrome: {chromedriverVersion: 143.0.7499.192 (be2c1f4fd45..., userDataDir: C:\Users\DELL\AppData\Local...}, fedcm:accounts: true, goog:chromeOptions: {debuggerAddress: localhost:60904}, goog:processID: 4524, networkConnectionEnabled: false, pageLoadStrategy: normal, platformName: windows, proxy: Proxy(), se:cdp: ws://localhost:60904/devtoo..., se:cdpVersion: 143.0.7499.193, setWindowRect: true, strictFileInteractability: false, timeouts: {implicit: 0, pageLoad: 300000, script: 30000}, unhandledPromptBehavior: dismiss and notify, webauthn:extension:credBlob: true, webauthn:extension:largeBlob: true, webauthn:extension:minPinLength: true, webauthn:extension:prf: true, webauthn:virtualAuthenticators: true}
Session ID: 3e1a1d3c20b78d279140bd1af0951e7f
? Clicked Save button
? Account creation completed successfully
  And I click Next on all sections and save the account         # com.example.stepdefinitions.AccountStepDefinitions.iClickNextOnAllSectionsAndSaveTheAccount()
==============================================
Finished Scenario 1/1: Create a new account and search for it
Status: PASSED
==============================================

==============================================
Browser closed successfully
TEST EXECUTION COMPLETED
==============================================

[WARNING] Tests run: 4, Failures: 0, Errors: 0, Skipped: 3, Time elapsed: 130.0 s -- in com.example.runner.TestRunner
[INFO] 
[INFO] Results:
[INFO] 
[WARNING] Tests run: 4, Failures: 0, Errors: 0, Skipped: 3
[INFO] 
[INFO] ------------------------------------------------------------------------
[INFO] BUILD SUCCESS
[INFO] ------------------------------------------------------------------------
[INFO] Total time:  02:15 min
[INFO] Finished at: 2026-01-14T16:05:18+05:30
[INFO] ------------------------------------------------------------------------
